// Jest Snapshot v1, https://goo.gl/fbAQLP

exports[`loads the data on mount 1`] = `
<div
  className="row"
>
  <div
    className="col-md-3"
  >
    <div
      className="mt-3 mb-3"
      style={
        Object {
          "border": "1px solid #000",
          "width": "18rem",
        }
      }
    >
      <div
        className="card-body"
      >
        Title: 
        <h5
          className="card-title"
        >
          sunt aut facere repellat provident occaecati excepturi optio reprehenderit
        </h5>
        Body:  
        <p
          className="card-text"
          style={
            Object {
              "textAlign": "justify",
            }
          }
        >
          quia et suscipit
suscipit recusandae consequuntur expedita et cum
reprehenderit molestiae ut ut quas totam
nostrum rerum est autem sunt rem eveniet architecto
        </p>
      </div>
    </div>
  </div>
  <div
    className="col-md-3"
  >
    <div
      className="mt-3 mb-3"
      style={
        Object {
          "border": "1px solid #000",
          "width": "18rem",
        }
      }
    >
      <div
        className="card-body"
      >
        Title: 
        <h5
          className="card-title"
        >
          qui est esse
        </h5>
        Body:  
        <p
          className="card-text"
          style={
            Object {
              "textAlign": "justify",
            }
          }
        >
          est rerum tempore vitae
sequi sint nihil reprehenderit dolor beatae ea dolores neque
fugiat blanditiis voluptate porro vel nihil molestiae ut reiciendis
qui aperiam non debitis possimus qui neque nisi nulla
        </p>
      </div>
    </div>
  </div>
</div>
`;
